TOTAL 72
DRWXR-XR-X  19 ROOT ROOT  4096 AUG 20 18:24 .
DRWXR-XR-X  19 ROOT ROOT  4096 AUG 20 18:24 ..
LRWXRWXRWX   1 ROOT ROOT     7 AUG  1 02:08 BIN -> USR/BIN
DRWXR-XR-X   4 ROOT ROOT  4096 SEP 15 22:32 BOOT
DRWXR-XR-X  16 ROOT ROOT  3880 AUG 20 18:27 DEV
DRWXR-XR-X  95 ROOT ROOT  4096 SEP 15 22:44 ETC
DRWXR-XR-X   4 ROOT ROOT  4096 AUG 20 18:24 HOME
LRWXRWXRWX   1 ROOT ROOT     7 AUG  1 02:08 LIB -> USR/LIB
LRWXRWXRWX   1 ROOT ROOT     9 AUG  1 02:08 LIB32 -> USR/LIB32
LRWXRWXRWX   1 ROOT ROOT     9 AUG  1 02:08 LIB64 -> USR/LIB64
LRWXRWXRWX   1 ROOT ROOT    10 AUG  1 02:08 LIBX32 -> USR/LIBX32
DRWX------   2 ROOT ROOT 16384 AUG  1 02:11 LOST+FOUND
DRWXR-XR-X   2 ROOT ROOT  4096 AUG  1 02:08 MEDIA
DRWXR-XR-X   2 ROOT ROOT  4096 AUG  1 02:08 MNT
DRWXR-XR-X   2 ROOT ROOT  4096 AUG  1 02:08 OPT
DR-XR-XR-X 183 ROOT ROOT     0 AUG 20 18:24 PROC
DRWX------   4 ROOT ROOT  4096 AUG 20 18:24 ROOT
DRWXR-XR-X  27 ROOT ROOT   940 SEP 15 22:43 RUN
LRWXRWXRWX   1 ROOT ROOT     8 AUG  1 02:08 SBIN -> USR/SBIN
DRWXR-XR-X   7 ROOT ROOT  4096 AUG  1 02:14 SNAP
DRWXR-XR-X   2 ROOT ROOT  4096 AUG  1 02:08 SRV
DR-XR-XR-X  13 ROOT ROOT     0 AUG 20 18:24 SYS
DRWXRWXRWT  12 ROOT ROOT  4096 SEP 15 23:51 TMP
DRWXR-XR-X  14 ROOT ROOT  4096 AUG  1 02:08 USR
DRWXR-XR-X  13 ROOT ROOT  4096 AUG  1 02:10 VAR
